[vite:react-swc] We recommend switching to `@vitejs/plugin-react` for improved performance as no swc plugins are used. More information at https://vite.dev/rolldown

[1m[46m RUN [49m[22m [36mv4.0.18 [39m[90m/app[39m

 [32m✓[39m src/services/annotator/dashboard/annotator.api.test.js [2m([22m[2m10 tests[22m[2m | [22m[33m1 skipped[39m[2m)[22m[32m 19[2mms[22m[39m
[90mstdout[2m | src/services/auth/login/login.api.test.js[2m > [22m[2mauthSlice - Comprehensive Testing[2m > [22m[2mnên xử lý loginThunk.fulfilled và lưu đúng thông tin
[22m[39mDữ liệu đã giải mã: { id: [32m'123'[39m, email: [32m'test@gmail.com'[39m, role: [32m'Admin'[39m }

[90mstderr[2m | src/services/auth/login/login.api.test.js[2m > [22m[2mauthSlice - Comprehensive Testing[2m > [22m[2mnên đặt user = null nếu token hợp lệ nhưng jwtDecode bị lỗi
[22m[39mLỗi khi giải mã token: Error: Invalid Token Format
    at [90m/app/[39msrc/services/auth/login/login.api.test.js:64:13
    at Mock [90m(file:///app/[39mnode_modules/[4m@vitest/spy[24m/dist/index.js:285:34[90m)[39m
    at [90m/app/[39msrc/store/auth/auth.slice.js:38:36
    at [90mfile:///app/[39mnode_modules/[4m@reduxjs/toolkit[24m/dist/redux-toolkit.modern.mjs:721:20
    at Immer2.produce [90m(file:///app/[39mnode_modules/[4mimmer[24m/dist/immer.mjs:701:20[90m)[39m
    at [90mfile:///app/[39mnode_modules/[4m@reduxjs/toolkit[24m/dist/redux-toolkit.modern.mjs:720:18
    at Array.reduce (<anonymous>)
    at reducer [90m(file:///app/[39mnode_modules/[4m@reduxjs/toolkit[24m/dist/redux-toolkit.modern.mjs:701:25[90m)[39m
    at reducer [90m(file:///app/[39mnode_modules/[4m@reduxjs/toolkit[24m/dist/redux-toolkit.modern.mjs:1127:14[90m)[39m
    at [90m/app/[39msrc/services/auth/login/login.api.test.js:71:19

 [32m✓[39m src/services/auth/login/login.api.test.js [2m([22m[2m7 tests[22m[2m)[22m[32m 52[2mms[22m[39m
[90mstdout[2m | src/store/auth/auth.thunk.test.js[2m > [22m[2mauthThunk - Advanced Test Cases[2m > [22m[2mnên lưu đúng định dạng JSON cho user vào localStorage khi thành công
[22m[39m{
  accessToken: [32m'token_xyz'[39m,
  user: { id: [33m99[39m, role: [32m'Staff'[39m },
  data: { accessToken: [32m'token_xyz'[39m }
}

[90mstdout[2m | src/store/auth/auth.thunk.test.js[2m > [22m[2mauthThunk - Advanced Test Cases[2m > [22m[2mvẫn phải hoạt động nếu res.user bị undefined (kiểm tra tính an toàn)
[22m[39m{ accessToken: [32m'token_only'[39m, data: { accessToken: [32m'token_only'[39m } }

[90mstdout[2m | src/store/auth/auth.thunk.test.js[2m > [22m[2mauthThunk - Advanced Test Cases[2m > [22m[2mphải gọi API với đúng thông tin email và password được cung cấp
[22m[39m{ data: {} }

[90mstdout[2m | src/store/auth/auth.thunk.test.js[2m > [22m[2mauthThunk - Advanced Test Cases[2m > [22m[2mphải lưu vào localStorage TRƯỚC KHI kết thúc action fulfilled
[22m[39m{
  accessToken: [32m'final_token'[39m,
  user: { id: [33m1[39m },
  data: { success: [33mtrue[39m }
}

 [32m✓[39m src/store/auth/auth.thunk.test.js [2m([22m[2m6 tests[22m[2m)[22m[32m 15[2mms[22m[39m
[90mstdout[2m | src/store/auth/auth.slice.test.js[2m > [22m[2mauthSlice - Comprehensive & Edge Case Tests[2m > [22m[2mnên cập nhật user và lưu vào localStorage khi login thành công
[22m[39mDữ liệu đã giải mã: { id: [32m'1'[39m, role: [32m'Admin'[39m }

 [32m✓[39m src/store/auth/auth.slice.test.js [2m([22m[2m5 tests[22m[2m)[22m[32m 29[2mms[22m[39m
[90mstderr[2m | src/components/layouts/Header.test.jsx[2m > [22m[2mHeader Component - Comprehensive Suite[2m > [22m[2mAuthentication Logic[2m > [22m[2mnên gọi Logout và chuyển hướng về trang chủ
[22m[39mAn update to DropdownMenu inside a test was not wrapped in act(...).

When testing, code that causes React state updates should be wrapped into act(...):

act(() => {
  /* fire events that update state */
});
/* assert on the output */

This ensures that you're testing the behavior the user would see in the browser. Learn more at https://react.dev/link/wrap-tests-with-act

 [32m✓[39m src/components/layouts/Header.test.jsx [2m([22m[2m5 tests[22m[2m)[22m[33m 856[2mms[22m[39m
       [33m[2m✓[22m[39m nên tương tác đầy đủ với Dropdown Profile [33m 429[2mms[22m[39m
 [32m✓[39m src/services/manager/analytics/analyticsService.test.js [2m([22m[2m7 tests[22m[2m)[22m[32m 11[2mms[22m[39m
 [32m✓[39m src/App.test.jsx [2m([22m[2m4 tests[22m[2m)[22m[33m 1151[2mms[22m[39m
     [33m[2m✓[22m[39m nên hiển thị trang Login khi người dùng chủ động vào /login [33m 611[2mms[22m[39m
 [32m✓[39m src/page/auth/login/LoginPage.test.jsx [2m([22m[2m3 tests[22m[2m)[22m[32m 248[2mms[22m[39m
 [32m✓[39m src/container/LandingContainer.test.jsx [2m([22m[2m5 tests[22m[2m)[22m[33m 589[2mms[22m[39m
 [32m✓[39m src/store/manager/project/projectSlice.test.js [2m([22m[2m3 tests[22m[2m)[22m[32m 9[2mms[22m[39m
 [32m✓[39m src/services/admin/managementUsers/user.api.test.js [2m([22m[2m6 tests[22m[2m)[22m[32m 10[2mms[22m[39m
 [32m✓[39m src/main.test.jsx [2m([22m[2m5 tests[22m[2m)[22m[32m 90[2mms[22m[39m
 [32m✓[39m src/store/annotator/labelling/labelingSlice.test.js [2m([22m[2m5 tests[22m[2m)[22m[32m 11[2mms[22m[39m
 [32m✓[39m src/services/cloudinary/cloudinaryAxios.test.js [2m([22m[2m3 tests[22m[2m)[22m[32m 45[2mms[22m[39m
 [32m✓[39m src/store/annotator/labelling/taskSlice.test.js [2m([22m[2m5 tests[22m[2m)[22m[32m 10[2mms[22m[39m
 [32m✓[39m src/components/auth/auth-right/AuthLoginForm.test.jsx [2m([22m[2m2 tests[22m[2m)[22m[32m 202[2mms[22m[39m
 [32m✓[39m src/services/axios.customize.test.js [2m([22m[2m4 tests[22m[2m)[22m[32m 103[2mms[22m[39m
 [32m✓[39m src/services/auth/register/register.api.test.js [2m([22m[2m4 tests[22m[2m)[22m[32m 10[2mms[22m[39m
 [32m✓[39m src/services/manager/project/taskService.test.js [2m([22m[2m4 tests[22m[2m)[22m[32m 8[2mms[22m[39m
[90mstderr[2m | src/services/cloudinary/cloudinaryService.test.js[2m > [22m[2mcloudinaryService[2m > [22m[2mnên ném lỗi tùy chỉnh khi API Cloudinary thất bại
[22m[39mUpload Cloudinary failed: Error: Network Error
    at [90m/app/[39msrc/services/cloudinary/cloudinaryService.test.js:40:48
    at [90mfile:///app/[39mnode_modules/[4m@vitest/runner[24m/dist/index.js:145:11
    at [90mfile:///app/[39mnode_modules/[4m@vitest/runner[24m/dist/index.js:915:26
    at [90mfile:///app/[39mnode_modules/[4m@vitest/runner[24m/dist/index.js:1243:20
    at new Promise (<anonymous>)
    at runWithTimeout [90m(file:///app/[39mnode_modules/[4m@vitest/runner[24m/dist/index.js:1209:10[90m)[39m
    at [90mfile:///app/[39mnode_modules/[4m@vitest/runner[24m/dist/index.js:1653:37
    at Traces.$ [90m(file:///app/[39mnode_modules/[4mvitest[24m/dist/chunks/traces.CCmnQaNT.js:142:27[90m)[39m
    at trace [90m(file:///app/[39mnode_modules/[4mvitest[24m/dist/chunks/test.B8ej_ZHS.js:239:21[90m)[39m
    at runTest [90m(file:///app/[39mnode_modules/[4m@vitest/runner[24m/dist/index.js:1653:12[90m)[39m

 [32m✓[39m src/services/cloudinary/cloudinaryService.test.js [2m([22m[2m3 tests[22m[2m)[22m[32m 19[2mms[22m[39m
Not implemented: Window's getComputedStyle() method: with pseudo-elements
 [32m✓[39m src/components/landing/FeaturesSection.test.jsx [2m([22m[2m3 tests[22m[2m)[22m[32m 201[2mms[22m[39m
Not implemented: Window's getComputedStyle() method: with pseudo-elements
 [32m✓[39m src/components/layouts/Navbar.test.jsx [2m([22m[2m2 tests[22m[2m)[22m[33m 489[2mms[22m[39m
     [33m[2m✓[22m[39m nên hiển thị menu 'User Management' khi user là Admin [33m 457[2mms[22m[39m
 [32m✓[39m src/services/manager/project/labelService.test.js [2m([22m[2m3 tests[22m[2m)[22m[32m 7[2mms[22m[39m
 [32m✓[39m src/services/manager/dataset/datasetService.test.js [2m([22m[2m3 tests[22m[2m)[22m[32m 9[2mms[22m[39m
 [32m✓[39m src/services/annotator/labeling/taskService.test.js [2m([22m[2m4 tests[22m[2m)[22m[32m 10[2mms[22m[39m
 [32m✓[39m src/store/store.test.jsx [2m([22m[2m3 tests[22m[2m)[22m[32m 7[2mms[22m[39m
 [32m✓[39m src/components/landing/FeatureCard.test.jsx [2m([22m[2m2 tests[22m[2m)[22m[32m 277[2mms[22m[39m
 [32m✓[39m src/components/auth/auth-left/AuthLeft.test.jsx [2m([22m[2m3 tests[22m[2m)[22m[32m 196[2mms[22m[39m
 [32m✓[39m src/services/reviewer/project.service.test.js [2m([22m[2m2 tests[22m[2m)[22m[32m 9[2mms[22m[39m
 [32m✓[39m src/services/manager/project/projectService.test.js [2m([22m[2m2 tests[22m[2m)[22m[32m 7[2mms[22m[39m
Not implemented: Window's getComputedStyle() method: with pseudo-elements
 [32m✓[39m src/components/layouts/MainLayouts.test.jsx [2m([22m[2m1 test[22m[2m)[22m[33m 405[2mms[22m[39m
     [33m[2m✓[22m[39m nên thay đổi data-sidebar-size khi nhấn toggle [33m 403[2mms[22m[39m
 [32m✓[39m src/services/annotator/labeling/commentService.test.js [2m([22m[2m2 tests[22m[2m)[22m[32m 7[2mms[22m[39m
 [32m✓[39m src/components/landing/HeroSection.test.jsx [2m([22m[2m2 tests[22m[2m)[22m[33m 372[2mms[22m[39m
     [33m[2m✓[22m[39m nên hiển thị tiêu đề chính và hình ảnh minh họa [33m 335[2mms[22m[39m
 [32m✓[39m src/components/auth/auth-right/AuthRightHeader.test.jsx [2m([22m[2m3 tests[22m[2m)[22m[33m 337[2mms[22m[39m
 [32m✓[39m src/components/auth/auth-left/AuthLeftQuotes.test.jsx [2m([22m[2m3 tests[22m[2m)[22m[33m 395[2mms[22m[39m
 [32m✓[39m src/components/auth/auth-left/AuthLeftLogo.test.jsx [2m([22m[2m2 tests[22m[2m)[22m[32m 298[2mms[22m[39m
 [32m✓[39m src/components/auth/auth-right/AuthRight.test.jsx [2m([22m[2m1 test[22m[2m)[22m[33m 402[2mms[22m[39m
   [33m[2m✓[22m[39m render AuthRight layout và kiểm tra tiêu đề [33m 400[2mms[22m[39m
 [32m✓[39m src/components/layouts/DashboardLayout.test.jsx [2m([22m[2m1 test[22m[2m)[22m[32m 278[2mms[22m[39m
 [32m✓[39m src/components/landing/LandingNavbar.test.jsx [2m([22m[2m2 tests[22m[2m)[22m[33m 380[2mms[22m[39m
 [32m✓[39m src/components/landing/CTASection.test.jsx [2m([22m[2m2 tests[22m[2m)[22m[32m 126[2mms[22m[39m
 [32m✓[39m src/services/annotator/labeling/projectService.test.js [2m([22m[2m1 test[22m[2m)[22m[32m 5[2mms[22m[39m
 [32m✓[39m src/components/auth/auth-right/AuthRegisterLink.test.jsx [2m([22m[2m1 test[22m[2m)[22m[32m 277[2mms[22m[39m
 [32m✓[39m src/services/manager/project/userService.test.js [2m([22m[2m1 test[22m[2m)[22m[32m 7[2mms[22m[39m
 [32m✓[39m src/components/layouts/Footer.test.jsx [2m([22m[2m1 test[22m[2m)[22m[32m 45[2mms[22m[39m
 [32m✓[39m src/components/landing/LandingFooter.test.jsx [2m([22m[2m1 test[22m[2m)[22m[32m 42[2mms[22m[39m

[2m Test Files [22m [1m[32m45 passed[39m[22m[90m (45)[39m
[2m      Tests [22m [1m[32m146 passed[39m[22m[2m | [22m[33m1 skipped[39m[90m (147)[39m
[2m   Start at [22m 00:29:23
[2m   Duration [22m 26.18s[2m (transform 3.11s, setup 3.94s, import 15.80s, tests 8.07s, environment 38.73s)[22m
